// Jest Snapshot v1, https://goo.gl/fbAQLP

exports[`ProdctCard debe incrementar el contador 1`] = `
<div
  className="productCard undefined"
>
  <h1>
    Product Card
  </h1>
  <span>
    0
  </span>
  <button
    onClick={[Function]}
  />
</div>
`;

exports[`ProdctCard debe incrementar el contador 2`] = `
<div
  className="productCard undefined"
>
  <h1>
    Product Card
  </h1>
  <span>
    0
  </span>
  <button
    onClick={[Function]}
  />
</div>
`;

exports[`ProdctCard debe mostrar el componente correctamente con el t√≠tulo personalizado 1`] = `
<div
  className="productCard undefined"
>
  <h1>
    Product Card
  </h1>
</div>
`;
